python : Error getting contributors: 'NoneType' object has no attribute 'get'
At line:1 char:1
+ python tests/test_suite.py > test_output.txt 2>&1; findstr "FAIL\|Ass ...
+ ~~~~~~~~~~~~~~~~~~~~~~~~~~~~~~~~~~~~~~~~~~~~~~~~~
    + CategoryInfo          : NotSpecified: (Error getting c...attribute 'get':String) [], RemoteException
    + FullyQualifiedErrorId : NativeCommandError
 
DatasetQuality: huggingface_metadata is not a dictionary in _fetch_readme_content: <class 'unittest.mock.MagicMock'>
[DatasetQuality] Medium-low engagement model https://huggingface.co/test/model \u2192 0.0
Could not fetch README content for test/model: 401 Client Error. (Request ID: 
Root=1-68d8ac73-0a2e3b9c27ad199416a8d21d;42b32a91-f914-49e2-a99b-11423ca177a3)

Repository Not Found for url: https://huggingface.co/test/model/resolve/main/README.md.
Please make sure you specified the correct `repo_id` and `repo_type`.
If you are trying to access a private or gated repo, make sure you are authenticated. For more details, see 
https://huggingface.co/docs/huggingface_hub/authentication
Invalid username or password.
Could not fetch README content for user/small-model: 401 Client Error. (Request ID: 
Root=1-68d8ac73-4d108f6d5a75957e0261aed2;a3c86227-141a-4d58-98a4-b77cf487e7d3)

Repository Not Found for url: https://huggingface.co/user/small-model/resolve/main/README.md.
Please make sure you specified the correct `repo_id` and `repo_type`.
If you are trying to access a private or gated repo, make sure you are authenticated. For more details, see 
https://huggingface.co/docs/huggingface_hub/authentication
Invalid username or password.
[DatasetQuality] Low engagement model https://huggingface.co/test/model \u2192 0.0
Could not fetch README content for test/model: 401 Client Error. (Request ID: 
Root=1-68d8ac73-5b29dce73f760d836193b041;aa0fd307-5a61-4367-a6f5-73017aaa4981)

Repository Not Found for url: https://huggingface.co/test/model/resolve/main/README.md.
Please make sure you specified the correct `repo_id` and `repo_type`.
If you are trying to access a private or gated repo, make sure you are authenticated. For more details, see 
https://huggingface.co/docs/huggingface_hub/authentication
Invalid username or password.
Warning: Could not load config for fake/repo: fail
Failed to fetch HF metadata: No response
ERROR: The file 'nonexistent.txt' was not found.
======================================================================
FAIL: test_analyze_readme_quality_adequate_evidence 
(__main__.TestPerformanceClaimsCalculator.test_analyze_readme_quality_adequate_evidence)
Test README quality analysis with adequate performance evidence.
----------------------------------------------------------------------
Traceback (most recent call last):
  File "C:\Users\neals\OneDrive\Desktop\ECE461_SWE\461_team_8\tests\test_suite.py", line 4473, in 
test_analyze_readme_quality_adequate_evidence
    self.assertEqual(result, 0.5)  # performance (1 critical) + precision/recall (2 important) gives 0.5
    ^^^^^^^^^^^^^^^^^^^^^^^^^^^^^
AssertionError: 0.9 != 0.5

======================================================================
FAIL: test_analyze_readme_quality_good_evidence 
(__main__.TestPerformanceClaimsCalculator.test_analyze_readme_quality_good_evidence)
Test README quality analysis with good performance evidence.
----------------------------------------------------------------------
Traceback (most recent call last):
  File "C:\Users\neals\OneDrive\Desktop\ECE461_SWE\461_team_8\tests\test_suite.py", line 4459, in 
test_analyze_readme_quality_good_evidence
    self.assertEqual(result, 0.7)  # evaluation (1 critical) + accuracy/f1 (2 important) gives 0.7
    ^^^^^^^^^^^^^^^^^^^^^^^^^^^^^
AssertionError: 0.9 != 0.7

======================================================================
FAIL: test_score_from_metadata_or_llm_engagement_overrides 
(__main__.TestPerformanceClaimsCalculator.test_score_from_metadata_or_llm_engagement_overrides)
Test that engagement levels override LLM/heuristic scores.
----------------------------------------------------------------------
Traceback (most recent call last):
  File "C:\Users\neals\AppData\Local\Programs\Python\Python312\Lib\unittest\mock.py", line 1387, in patched
    return func(*newargs, **newkeywargs)
           ^^^^^^^^^^^^^^^^^^^^^^^^^^^^^
  File "C:\Users\neals\OneDrive\Desktop\ECE461_SWE\461_team_8\tests\test_suite.py", line 4324, in 
test_score_from_metadata_or_llm_engagement_overrides
    self.assertEqual(score, expected_score)
AssertionError: 0.8 != 0.15

======================================================================
FAIL: test_score_from_metadata_or_llm_no_readme_with_metadata 
(__main__.TestPerformanceClaimsCalculator.test_score_from_metadata_or_llm_no_readme_with_metadata)
Test scoring without README but with metadata.
----------------------------------------------------------------------
Traceback (most recent call last):
  File "C:\Users\neals\AppData\Local\Programs\Python\Python312\Lib\unittest\mock.py", line 1387, in patched
    return func(*newargs, **newkeywargs)
           ^^^^^^^^^^^^^^^^^^^^^^^^^^^^^
  File "C:\Users\neals\OneDrive\Desktop\ECE461_SWE\461_team_8\tests\test_suite.py", line 4341, in 
test_score_from_metadata_or_llm_no_readme_with_metadata
    self.assertEqual(score, expected_score)
AssertionError: 0.8 != 0.15

----------------------------------------------------------------------
Ran 375 tests in 1.270s

FAILED (failures=4, skipped=1)
Total Tests: 375
Passed: 371
Failed: 4
Errors: 0
TOTAL    1000    200    82%
